RC 0
===STDOUT===
11
3
===STDERR===
    15 *-* do ii = 1 to 3
       >L>   "1"
       >L>   "3"
       >K>   "TO" => "3"
       >=>   II <= "1"
    16 *-*   ii = 10
       >L>     "10"
       >>>     "10"
       >=>     II <= "10"
    17 *-* end
    15 *-* do ii = 1 to 3
       >V>     II => "10"
       >>>     "10"
       >>>     "11"
       >=>     II <= "11"
    18 *-* say ii
       >V>   II => "11"
       >>>   "11"
    19 *-* do jj = 1 to 2
       >L>   "1"
       >L>   "2"
       >K>   "TO" => "2"
       >=>   JJ <= "1"
    20 *-*   nop
    21 *-* end
    19 *-* do jj = 1 to 2
       >V>     JJ => "1"
       >>>     "1"
       >>>     "2"
       >=>     JJ <= "2"
    20 *-*   nop
    21 *-* end
    19 *-* do jj = 1 to 2
       >V>     JJ => "2"
       >>>     "2"
       >>>     "3"
       >=>     JJ <= "3"
    22 *-* say jj
       >V>   JJ => "3"
       >>>   "3"
