RC 0
===STDOUT===
10
===STDERR===
     3 *-* zz = twice(4) + twice(1)
       >L>   "4"
       >A>   "4"
     6 *-*   twice:
     7 *-*   use arg nn
       >>>     "4"
       >=>     NN <= "4"
     8 *-*   return nn * 2
       >V>     NN => "4"
       >L>     "2"
       >O>     "*" => "8"
       >>>     "8"
       >F>   TWICE => "8"
       >L>   "1"
       >A>   "1"
     6 *-*   twice:
     7 *-*   use arg nn
       >>>     "1"
       >=>     NN <= "1"
     8 *-*   return nn * 2
       >V>     NN => "1"
       >L>     "2"
       >O>     "*" => "2"
       >>>     "2"
       >F>   TWICE => "2"
       >O>   "+" => "10"
       >>>   "10"
       >=>   ZZ <= "10"
     4 *-* say zz
       >V>   ZZ => "10"
       >>>   "10"
     5 *-* exit
