RC 0
===STDOUT===
big
done 6
===STDERR===
     2 *-* x = 1 + 1
       >L>   "1"
       >L>   "1"
       >O>   "+" => "2"
       >>>   "2"
       >=>   X <= "2"
     3 *-* y = x * 3
       >V>   X => "2"
       >L>   "3"
       >O>   "*" => "6"
       >>>   "6"
       >=>   Y <= "6"
     4 *-* if y > 5 
       >V>   Y => "6"
       >L>   "5"
       >O>   ">" => "1"
       >>>   "1"
     4 *-*   then
     4 *-*     say "big"
       >L>       "big"
       >>>       "big"
     5 *-* trace off
