   Compiling rexx-inventory v0.1.0 (/home/moritz/dev/repos/ooRexx-rust-rewrite/rust/crates/rexx-inventory)
   Compiling num-traits v0.2.19
    Checking rustc-hash v2.1.2
   Compiling rexx-classes v0.1.0 (/home/moritz/dev/repos/ooRexx-rust-rewrite/rust/crates/rexx-classes)
   Compiling rexx-lib v0.1.0 (/home/moritz/dev/repos/ooRexx-rust-rewrite/rust/crates/rexx-lib)
    Checking cfg-if v1.0.4
    Checking linux-raw-sys v0.12.1
    Checking iana-time-zone v0.1.65
    Checking bitflags v2.13.1
    Checking either v1.16.0
    Checking rexx-extract v0.1.0 (/home/moritz/dev/repos/ooRexx-rust-rewrite/rust/crates/rexx-extract)
    Checking crossbeam-utils v0.8.21
   Compiling syn v2.0.119
    Checking libloading v0.8.9
    Checking rustix v1.1.4
    Checking crossbeam-epoch v0.9.20
    Checking rexx-num v0.1.0 (/home/moritz/dev/repos/ooRexx-rust-rewrite/rust/crates/rexx-num)
    Checking crossbeam-deque v0.8.6
    Checking rayon-core v1.13.0
    Checking chrono v0.4.45
    Checking rexx-core v0.1.0 (/home/moritz/dev/repos/ooRexx-rust-rewrite/rust/crates/rexx-core)
    Checking rexx-parse v0.1.0 (/home/moritz/dev/repos/ooRexx-rust-rewrite/rust/crates/rexx-parse)
    Checking rayon v1.12.0
    Checking rexx-api v0.1.0 (/home/moritz/dev/repos/ooRexx-rust-rewrite/rust/crates/rexx-api)
   Compiling thiserror-impl v1.0.69
    Checking rexx-exec v0.1.0 (/home/moritz/dev/repos/ooRexx-rust-rewrite/rust/crates/rexx-exec)
    Checking thiserror v1.0.69
    Checking datadriven v0.9.0
    Finished `dev` profile [unoptimized + debuginfo] target(s) in 7.92s
