==================
WARNING: ThreadSanitizer: data race (pid=2174150)
  Read of size 1 at 0x724000008a00 by thread T7:
    #0 core::ptr::read_volatile::<u8> /home/moritz/.rustup/toolchains/nightly-x86_64-unknown-linux-gnu/lib/rustlib/src/rust/library/core/src/ptr/mod.rs:2163 (rexx_exec-29b7299628c28281+0xabaa0b) (BuildId: ff447da67811f0f610ae37397119fbeef3578343)
    #1 <*mut u8>::read_volatile /home/moritz/.rustup/toolchains/nightly-x86_64-unknown-linux-gnu/lib/rustlib/src/rust/library/core/src/ptr/mut_ptr.rs:1269 (rexx_exec-29b7299628c28281+0xabaa0b)
    #2 rexx_api::load::hold_buffer::{closure#0} /home/moritz/dev/repos/ooRexx-rust-rewrite/rust/crates/rexx-api/src/load.rs:968 (rexx_exec-29b7299628c28281+0xabaa0b)
    #3 core::iter::adapters::map::map_fold::<usize, u8, (), rexx_api::load::hold_buffer::{closure#0}, core::iter::traits::iterator::Iterator::for_each::call<u8, <alloc::vec::Vec<u8>>::extend_trusted<core::iter::adapters::map::Map<core::ops::range::Range<usize>, rexx_api::load::hold_buffer::{closure#0}>>::{closure#0}>::{closure#0}>::{closure#0} /home/moritz/.rustup/toolchains/nightly-x86_64-unknown-linux-gnu/lib/rustlib/src/rust/library/core/src/iter/adapters/map.rs:88 (rexx_exec-29b7299628c28281+0xabaa0b)
    #4 <core::ops::range::Range<usize> as core::iter::traits::iterator::Iterator>::fold::<(), core::iter::adapters::map::map_fold<usize, u8, (), rexx_api::load::hold_buffer::{closure#0}, core::iter::traits::iterator::Iterator::for_each::call<u8, <alloc::vec::Vec<u8>>::extend_trusted<core::iter::adapters::map::Map<core::ops::range::Range<usize>, rexx_api::load::hold_buffer::{closure#0}>>::{closure#0}>::{closure#0}>::{closure#0}> /home/moritz/.rustup/toolchains/nightly-x86_64-unknown-linux-gnu/lib/rustlib/src/rust/library/core/src/iter/traits/iterator.rs:2667 (rexx_exec-29b7299628c28281+0xabaa0b)
    #5 <core::iter::adapters::map::Map<core::ops::range::Range<usize>, rexx_api::load::hold_buffer::{closure#0}> as core::iter::traits::iterator::Iterator>::fold::<(), core::iter::traits::iterator::Iterator::for_each::call<u8, <alloc::vec::Vec<u8>>::extend_trusted<core::iter::adapters::map::Map<core::ops::range::Range<usize>, rexx_api::load::hold_buffer::{closure#0}>>::{closure#0}>::{closure#0}> /home/moritz/.rustup/toolchains/nightly-x86_64-unknown-linux-gnu/lib/rustlib/src/rust/library/core/src/iter/adapters/map.rs:128 (rexx_exec-29b7299628c28281+0xabaa0b)
    #6 <core::iter::adapters::map::Map<core::ops::range::Range<usize>, rexx_api::load::hold_buffer::{closure#0}> as core::iter::traits::iterator::Iterator>::for_each::<<alloc::vec::Vec<u8>>::extend_trusted<core::iter::adapters::map::Map<core::ops::range::Range<usize>, rexx_api::load::hold_buffer::{closure#0}>>::{closure#0}> /home/moritz/.rustup/toolchains/nightly-x86_64-unknown-linux-gnu/lib/rustlib/src/rust/library/core/src/iter/traits/iterator.rs:887 (rexx_exec-29b7299628c28281+0xab81af) (BuildId: ff447da67811f0f610ae37397119fbeef3578343)
    #7 <alloc::vec::Vec<u8>>::extend_trusted::<core::iter::adapters::map::Map<core::ops::range::Range<usize>, rexx_api::load::hold_buffer::{closure#0}>> /home/moritz/.rustup/toolchains/nightly-x86_64-unknown-linux-gnu/lib/rustlib/src/rust/library/alloc/src/vec/mod.rs:4182 (rexx_exec-29b7299628c28281+0xab81af)
    #8 <alloc::vec::Vec<u8> as alloc::vec::spec_extend::SpecExtend<u8, core::iter::adapters::map::Map<core::ops::range::Range<usize>, rexx_api::load::hold_buffer::{closure#0}>>>::spec_extend /home/moritz/.rustup/toolchains/nightly-x86_64-unknown-linux-gnu/lib/rustlib/src/rust/library/alloc/src/vec/spec_extend.rs:27 (rexx_exec-29b7299628c28281+0xab81af)
    #9 <alloc::vec::Vec<u8> as alloc::vec::spec_from_iter_nested::SpecFromIterNested<u8, core::iter::adapters::map::Map<core::ops::range::Range<usize>, rexx_api::load::hold_buffer::{closure#0}>>>::from_iter /home/moritz/.rustup/toolchains/nightly-x86_64-unknown-linux-gnu/lib/rustlib/src/rust/library/alloc/src/vec/spec_from_iter_nested.rs:60 (rexx_exec-29b7299628c28281+0xab81af)
    #10 <alloc::vec::Vec<u8> as alloc::vec::spec_from_iter::SpecFromIter<u8, core::iter::adapters::map::Map<core::ops::range::Range<usize>, rexx_api::load::hold_buffer::{closure#0}>>>::from_iter /home/moritz/.rustup/toolchains/nightly-x86_64-unknown-linux-gnu/lib/rustlib/src/rust/library/alloc/src/vec/spec_from_iter.rs:33 (rexx_exec-29b7299628c28281+0xab81af)
    #11 <alloc::vec::Vec<u8> as core::iter::traits::collect::FromIterator<u8>>::from_iter::<core::iter::adapters::map::Map<core::ops::range::Range<usize>, rexx_api::load::hold_buffer::{closure#0}>> /home/moritz/.rustup/toolchains/nightly-x86_64-unknown-linux-gnu/lib/rustlib/src/rust/library/alloc/src/vec/mod.rs:4043 (rexx_exec-29b7299628c28281+0xad0c9c) (BuildId: ff447da67811f0f610ae37397119fbeef3578343)
    #12 <core::iter::adapters::map::Map<core::ops::range::Range<usize>, rexx_api::load::hold_buffer::{closure#0}> as core::iter::traits::iterator::Iterator>::collect::<alloc::vec::Vec<u8>> /home/moritz/.rustup/toolchains/nightly-x86_64-unknown-linux-gnu/lib/rustlib/src/rust/library/core/src/iter/traits/iterator.rs:2086 (rexx_exec-29b7299628c28281+0xad0c9c)
    #13 rexx_api::load::hold_buffer /home/moritz/dev/repos/ooRexx-rust-rewrite/rust/crates/rexx-api/src/load.rs:968 (rexx_exec-29b7299628c28281+0xad0c9c)
    #14 rexx_api::load::call_stub::<rexx_api::layout::RexxCallContext_>::{closure#0} /home/moritz/dev/repos/ooRexx-rust-rewrite/rust/crates/rexx-api/src/load.rs:1480 (rexx_exec-29b7299628c28281+0xacbe7c) (BuildId: ff447da67811f0f610ae37397119fbeef3578343)
    #15 <rexx_api::load::call_stub<rexx_api::layout::RexxCallContext_>::{closure#0} as core::ops::function::FnOnce<()>>::call_once /home/moritz/.rustup/toolchains/nightly-x86_64-unknown-linux-gnu/lib/rustlib/src/rust/library/core/src/ops/function.rs:250 (rexx_exec-29b7299628c28281+0xacbe7c)
    #16 <core::panic::unwind_safe::AssertUnwindSafe<rexx_api::load::call_stub<rexx_api::layout::RexxCallContext_>::{closure#0}> as core::ops::function::FnOnce<()>>::call_once /home/moritz/.rustup/toolchains/nightly-x86_64-unknown-linux-gnu/lib/rustlib/src/rust/library/core/src/panic/unwind_safe.rs:275 (rexx_exec-29b7299628c28281+0xacbe7c)
    #17 std::panicking::catch_unwind::do_call::<core::panic::unwind_safe::AssertUnwindSafe<rexx_api::load::call_stub<rexx_api::layout::RexxCallContext_>::{closure#0}>, *mut u16> /home/moritz/.rustup/toolchains/nightly-x86_64-unknown-linux-gnu/lib/rustlib/src/rust/library/std/src/panicking.rs:573 (rexx_exec-29b7299628c28281+0xacbe7c)
    #18 __rust_try.llvm.2639052699446935618 bzkhkeb7erdcwccnon6euqasv:? (rexx_exec-29b7299628c28281+0xacc45f) (BuildId: ff447da67811f0f610ae37397119fbeef3578343)
    #19 std::panicking::catch_unwind::<*mut u16, core::panic::unwind_safe::AssertUnwindSafe<rexx_api::load::call_stub<rexx_api::layout::RexxCallContext_>::{closure#0}>> /home/moritz/.rustup/toolchains/nightly-x86_64-unknown-linux-gnu/lib/rustlib/src/rust/library/std/src/panicking.rs:541 (rexx_exec-29b7299628c28281+0xacb98f) (BuildId: ff447da67811f0f610ae37397119fbeef3578343)
    #20 std::panic::catch_unwind::<core::panic::unwind_safe::AssertUnwindSafe<rexx_api::load::call_stub<rexx_api::layout::RexxCallContext_>::{closure#0}>, *mut u16> /home/moritz/.rustup/toolchains/nightly-x86_64-unknown-linux-gnu/lib/rustlib/src/rust/library/std/src/panic.rs:359 (rexx_exec-29b7299628c28281+0xacb98f)
    #21 rexx_api::load::call_stub::<rexx_api::layout::RexxCallContext_> /home/moritz/dev/repos/ooRexx-rust-rewrite/rust/crates/rexx-api/src/load.rs:1479 (rexx_exec-29b7299628c28281+0xacb98f)
    #22 <rexx_api::load::HeldRoutine>::call /home/moritz/dev/repos/ooRexx-rust-rewrite/rust/crates/rexx-api/src/load.rs:1298 (rexx_exec-29b7299628c28281+0xace1e5) (BuildId: ff447da67811f0f610ae37397119fbeef3578343)
    #23 rexx_api::invoke::call_held_routine::{closure#0} /home/moritz/dev/repos/ooRexx-rust-rewrite/rust/crates/rexx-api/src/invoke.rs:351 (rexx_exec-29b7299628c28281+0x773467) (BuildId: ff447da67811f0f610ae37397119fbeef3578343)
    #24 rexx_api::invoke::call::<rexx_api::invoke::call_held_routine::{closure#0}>::{closure#0} /home/moritz/dev/repos/ooRexx-rust-rewrite/rust/crates/rexx-api/src/invoke.rs:367 (rexx_exec-29b7299628c28281+0x773467)
    #25 rexx_api::layout::recording_refusals::<core::option::Option<rexx_api::values::Written>, rexx_api::invoke::call<rexx_api::invoke::call_held_routine::{closure#0}>::{closure#0}> /home/moritz/dev/repos/ooRexx-rust-rewrite/rust/crates/rexx-api/src/layout.rs:445 (rexx_exec-29b7299628c28281+0x773467)
    #26 rexx_api::invoke::call::<rexx_api::invoke::call_held_routine::{closure#0}> /home/moritz/dev/repos/ooRexx-rust-rewrite/rust/crates/rexx-api/src/invoke.rs:366 (rexx_exec-29b7299628c28281+0x9a37c4) (BuildId: ff447da67811f0f610ae37397119fbeef3578343)
    #27 rexx_api::invoke::call_held_routine /home/moritz/dev/repos/ooRexx-rust-rewrite/rust/crates/rexx-api/src/invoke.rs:350 (rexx_exec-29b7299628c28281+0x9a37c4)
    #28 <rexx_exec::dispatch::library::HeldCall>::call /home/moritz/dev/repos/ooRexx-rust-rewrite/rust/crates/rexx-exec/src/dispatch/library.rs:1068 (rexx_exec-29b7299628c28281+0x9a37c4)
    #29 <rexx_exec::dispatch::library::PooledCall>::run::{closure#0}::{closure#0} /home/moritz/dev/repos/ooRexx-rust-rewrite/rust/crates/rexx-exec/src/dispatch/library.rs:1139 (rexx_exec-29b7299628c28281+0x525d7d) (BuildId: ff447da67811f0f610ae37397119fbeef3578343)
    #30 <<rexx_exec::dispatch::library::PooledCall>::run::{closure#0}::{closure#0} as core::ops::function::FnOnce<()>>::call_once /home/moritz/.rustup/toolchains/nightly-x86_64-unknown-linux-gnu/lib/rustlib/src/rust/library/core/src/ops/function.rs:250 (rexx_exec-29b7299628c28281+0x525d7d)
    #31 <core::panic::unwind_safe::AssertUnwindSafe<<rexx_exec::dispatch::library::PooledCall>::run::{closure#0}::{closure#0}> as core::ops::function::FnOnce<()>>::call_once /home/moritz/.rustup/toolchains/nightly-x86_64-unknown-linux-gnu/lib/rustlib/src/rust/library/core/src/panic/unwind_safe.rs:275 (rexx_exec-29b7299628c28281+0x525d7d)
    #32 std::panicking::catch_unwind::do_call::<core::panic::unwind_safe::AssertUnwindSafe<<rexx_exec::dispatch::library::PooledCall>::run::{closure#0}::{closure#0}>, rexx_api::invoke::Completion> /home/moritz/.rustup/toolchains/nightly-x86_64-unknown-linux-gnu/lib/rustlib/src/rust/library/std/src/panicking.rs:573 (rexx_exec-29b7299628c28281+0x525d7d)
    #33 __rust_try 24pzh1mbootg4azpb6eqwgrhp:? (rexx_exec-29b7299628c28281+0x526035) (BuildId: ff447da67811f0f610ae37397119fbeef3578343)
    #34 std::panicking::catch_unwind::<rexx_api::invoke::Completion, core::panic::unwind_safe::AssertUnwindSafe<<rexx_exec::dispatch::library::PooledCall>::run::{closure#0}::{closure#0}>> /home/moritz/.rustup/toolchains/nightly-x86_64-unknown-linux-gnu/lib/rustlib/src/rust/library/std/src/panicking.rs:541 (rexx_exec-29b7299628c28281+0x525354) (BuildId: ff447da67811f0f610ae37397119fbeef3578343)
    #35 std::panic::catch_unwind::<core::panic::unwind_safe::AssertUnwindSafe<<rexx_exec::dispatch::library::PooledCall>::run::{closure#0}::{closure#0}>, rexx_api::invoke::Completion> /home/moritz/.rustup/toolchains/nightly-x86_64-unknown-linux-gnu/lib/rustlib/src/rust/library/std/src/panic.rs:359 (rexx_exec-29b7299628c28281+0x525354)
    #36 <rexx_exec::dispatch::library::PooledCall>::run::{closure#0} /home/moritz/dev/repos/ooRexx-rust-rewrite/rust/crates/rexx-exec/src/dispatch/library.rs:1138 (rexx_exec-29b7299628c28281+0x525354)
    #37 <rexx_api::ffi::ThreadContext>::enter::<(rexx_api::invoke::Completion, rexx_exec::island::Lent), <rexx_exec::dispatch::library::PooledCall>::run::{closure#0}> /home/moritz/dev/repos/ooRexx-rust-rewrite/rust/crates/rexx-api/src/ffi.rs:868 (rexx_exec-29b7299628c28281+0x525354)
    #38 <rexx_exec::dispatch::library::PooledCall>::run /home/moritz/dev/repos/ooRexx-rust-rewrite/rust/crates/rexx-exec/src/dispatch/library.rs:1136 (rexx_exec-29b7299628c28281+0x9a3d2c) (BuildId: ff447da67811f0f610ae37397119fbeef3578343)
    #39 <rexx_exec::Interp as rexx_exec::scheduler::Scheduler>::exit_for_native::{closure#1}::{closure#0} /home/moritz/dev/repos/ooRexx-rust-rewrite/rust/crates/rexx-exec/src/scheduler.rs:628 (rexx_exec-29b7299628c28281+0x8b75ba) (BuildId: ff447da67811f0f610ae37397119fbeef3578343)
    #40 <core::panic::unwind_safe::AssertUnwindSafe<<rexx_exec::Interp as rexx_exec::scheduler::Scheduler>::exit_for_native::{closure#1}::{closure#0}> as core::ops::function::FnOnce<()>>::call_once /home/moritz/.rustup/toolchains/nightly-x86_64-unknown-linux-gnu/lib/rustlib/src/rust/library/core/src/panic/unwind_safe.rs:275 (rexx_exec-29b7299628c28281+0x8b75ba)
    #41 std::panicking::catch_unwind::do_call::<core::panic::unwind_safe::AssertUnwindSafe<<rexx_exec::Interp as rexx_exec::scheduler::Scheduler>::exit_for_native::{closure#1}::{closure#0}>, ()> /home/moritz/.rustup/toolchains/nightly-x86_64-unknown-linux-gnu/lib/rustlib/src/rust/library/std/src/panicking.rs:573 (rexx_exec-29b7299628c28281+0x8b75ba)
    #42 __rust_try.llvm.3177797091230166212 am7him4mcpyey7yxyenoebl75:? (rexx_exec-29b7299628c28281+0x8b773f) (BuildId: ff447da67811f0f610ae37397119fbeef3578343)
    #43 std::panicking::catch_unwind::<(), core::panic::unwind_safe::AssertUnwindSafe<<rexx_exec::Interp as rexx_exec::scheduler::Scheduler>::exit_for_native::{closure#1}::{closure#0}>> /home/moritz/.rustup/toolchains/nightly-x86_64-unknown-linux-gnu/lib/rustlib/src/rust/library/std/src/panicking.rs:541 (rexx_exec-29b7299628c28281+0x8b7226) (BuildId: ff447da67811f0f610ae37397119fbeef3578343)
    #44 std::panic::catch_unwind::<core::panic::unwind_safe::AssertUnwindSafe<<rexx_exec::Interp as rexx_exec::scheduler::Scheduler>::exit_for_native::{closure#1}::{closure#0}>, ()> /home/moritz/.rustup/toolchains/nightly-x86_64-unknown-linux-gnu/lib/rustlib/src/rust/library/std/src/panic.rs:359 (rexx_exec-29b7299628c28281+0x8b7226)
    #45 rexx_exec::scheduler::pool::posting_panics::<<rexx_exec::Interp as rexx_exec::scheduler::Scheduler>::exit_for_native::{closure#1}::{closure#0}> /home/moritz/dev/repos/ooRexx-rust-rewrite/rust/crates/rexx-exec/src/scheduler/pool.rs:39 (rexx_exec-29b7299628c28281+0x8b7226)
    #46 <rexx_exec::Interp as rexx_exec::scheduler::Scheduler>::exit_for_native::{closure#1} /home/moritz/dev/repos/ooRexx-rust-rewrite/rust/crates/rexx-exec/src/scheduler.rs:628 (rexx_exec-29b7299628c28281+0x5754f6) (BuildId: ff447da67811f0f610ae37397119fbeef3578343)
    #47 <<rexx_exec::Interp as rexx_exec::scheduler::Scheduler>::exit_for_native::{closure#1} as core::ops::function::FnOnce<()>>::call_once::{shim:vtable#0} /home/moritz/.rustup/toolchains/nightly-x86_64-unknown-linux-gnu/lib/rustlib/src/rust/library/core/src/ops/function.rs:250 (rexx_exec-29b7299628c28281+0x5754f6)
    #48 <alloc::boxed::Box<dyn core::ops::function::FnOnce<(), Output = ()> + core::marker::Send> as core::ops::function::FnOnce<()>>::call_once /home/moritz/.rustup/toolchains/nightly-x86_64-unknown-linux-gnu/lib/rustlib/src/rust/library/alloc/src/boxed.rs:2366 (rexx_exec-29b7299628c28281+0x79bd34) (BuildId: ff447da67811f0f610ae37397119fbeef3578343)
    #49 rexx_exec::scheduler::pool::work /home/moritz/dev/repos/ooRexx-rust-rewrite/rust/crates/rexx-exec/src/scheduler/pool.rs:195 (rexx_exec-29b7299628c28281+0x78ec4d) (BuildId: ff447da67811f0f610ae37397119fbeef3578343)
    #50 <rexx_exec::scheduler::pool::Pool>::reserve::{closure#0} /home/moritz/dev/repos/ooRexx-rust-rewrite/rust/crates/rexx-exec/src/scheduler/pool.rs:128 (rexx_exec-29b7299628c28281+0xa02b34) (BuildId: ff447da67811f0f610ae37397119fbeef3578343)
    #51 std::sys::backtrace::__rust_begin_short_backtrace::<<rexx_exec::scheduler::pool::Pool>::reserve::{closure#0}, ()> /home/moritz/.rustup/toolchains/nightly-x86_64-unknown-linux-gnu/lib/rustlib/src/rust/library/std/src/sys/backtrace.rs:166 (rexx_exec-29b7299628c28281+0xa02b34)
    #52 std::thread::lifecycle::spawn_unchecked::<<rexx_exec::scheduler::pool::Pool>::reserve::{closure#0}, ()>::{closure#1}::{closure#0} /home/moritz/.rustup/toolchains/nightly-x86_64-unknown-linux-gnu/lib/rustlib/src/rust/library/std/src/thread/lifecycle.rs:64 (rexx_exec-29b7299628c28281+0x9f24d2) (BuildId: ff447da67811f0f610ae37397119fbeef3578343)
    #53 <core::panic::unwind_safe::AssertUnwindSafe<std::thread::lifecycle::spawn_unchecked<<rexx_exec::scheduler::pool::Pool>::reserve::{closure#0}, ()>::{closure#1}::{closure#0}> as core::ops::function::FnOnce<()>>::call_once /home/moritz/.rustup/toolchains/nightly-x86_64-unknown-linux-gnu/lib/rustlib/src/rust/library/core/src/panic/unwind_safe.rs:275 (rexx_exec-29b7299628c28281+0x9f24d2)
    #54 std::panicking::catch_unwind::do_call::<core::panic::unwind_safe::AssertUnwindSafe<std::thread::lifecycle::spawn_unchecked<<rexx_exec::scheduler::pool::Pool>::reserve::{closure#0}, ()>::{closure#1}::{closure#0}>, ()> /home/moritz/.rustup/toolchains/nightly-x86_64-unknown-linux-gnu/lib/rustlib/src/rust/library/std/src/panicking.rs:573 (rexx_exec-29b7299628c28281+0x9f24d2)
    #55 __rust_try dofaq9t1iakn0w6lu7b0cv1mu:? (rexx_exec-29b7299628c28281+0x9f66df) (BuildId: ff447da67811f0f610ae37397119fbeef3578343)
    #56 std::panicking::catch_unwind::<(), core::panic::unwind_safe::AssertUnwindSafe<std::thread::lifecycle::spawn_unchecked<<rexx_exec::scheduler::pool::Pool>::reserve::{closure#0}, ()>::{closure#1}::{closure#0}>> /home/moritz/.rustup/toolchains/nightly-x86_64-unknown-linux-gnu/lib/rustlib/src/rust/library/std/src/panicking.rs:541 (rexx_exec-29b7299628c28281+0x9f3f4d) (BuildId: ff447da67811f0f610ae37397119fbeef3578343)
    #57 std::panic::catch_unwind::<core::panic::unwind_safe::AssertUnwindSafe<std::thread::lifecycle::spawn_unchecked<<rexx_exec::scheduler::pool::Pool>::reserve::{closure#0}, ()>::{closure#1}::{closure#0}>, ()> /home/moritz/.rustup/toolchains/nightly-x86_64-unknown-linux-gnu/lib/rustlib/src/rust/library/std/src/panic.rs:359 (rexx_exec-29b7299628c28281+0x9f3f4d)
    #58 std::thread::lifecycle::spawn_unchecked::<<rexx_exec::scheduler::pool::Pool>::reserve::{closure#0}, ()>::{closure#1} /home/moritz/.rustup/toolchains/nightly-x86_64-unknown-linux-gnu/lib/rustlib/src/rust/library/std/src/thread/lifecycle.rs:62 (rexx_exec-29b7299628c28281+0x9f3f4d)
    #59 <std::thread::lifecycle::spawn_unchecked<<rexx_exec::scheduler::pool::Pool>::reserve::{closure#0}, ()>::{closure#1} as core::ops::function::FnOnce<()>>::call_once::{shim:vtable#0} /home/moritz/.rustup/toolchains/nightly-x86_64-unknown-linux-gnu/lib/rustlib/src/rust/library/core/src/ops/function.rs:250 (rexx_exec-29b7299628c28281+0x9f3f4d)
    #60 <alloc::boxed::Box<dyn core::ops::function::FnOnce<(), Output = ()> + core::marker::Send> as core::ops::function::FnOnce<()>>::call_once /home/moritz/.rustup/toolchains/nightly-x86_64-unknown-linux-gnu/lib/rustlib/src/rust/library/alloc/src/boxed.rs:2366 (rexx_exec-29b7299628c28281+0xc4f3e4) (BuildId: ff447da67811f0f610ae37397119fbeef3578343)
    #61 <std::sys::thread::unix::Thread>::new::thread_start /home/moritz/.rustup/toolchains/nightly-x86_64-unknown-linux-gnu/lib/rustlib/src/rust/library/std/src/sys/thread/unix.rs:127 (rexx_exec-29b7299628c28281+0xc370aa) (BuildId: ff447da67811f0f610ae37397119fbeef3578343)

  Previous write of size 8 at 0x724000008a00 by thread T3:
    #0 __tsan_memcpy ??:? (rexx_exec-29b7299628c28281+0x3b63be) (BuildId: ff447da67811f0f610ae37397119fbeef3578343)
    #1 core::ptr::copy_nonoverlapping::<u8> /home/moritz/.rustup/toolchains/nightly-x86_64-unknown-linux-gnu/lib/rustlib/src/rust/library/core/src/ptr/mod.rs:574 (rexx_exec-29b7299628c28281+0xb95836) (BuildId: ff447da67811f0f610ae37397119fbeef3578343)
    #2 <alloc::vec::Vec<u8>>::append_elements_unreserved /home/moritz/.rustup/toolchains/nightly-x86_64-unknown-linux-gnu/lib/rustlib/src/rust/library/alloc/src/vec/mod.rs:3021 (rexx_exec-29b7299628c28281+0xb95836)
    #3 <alloc::vec::Vec<u8>>::append_elements /home/moritz/.rustup/toolchains/nightly-x86_64-unknown-linux-gnu/lib/rustlib/src/rust/library/alloc/src/vec/mod.rs:2998 (rexx_exec-29b7299628c28281+0xb95836)
    #4 <alloc::vec::Vec<u8> as alloc::vec::spec_extend::SpecExtend<&u8, core::slice::iter::Iter<u8>>>::spec_extend /home/moritz/.rustup/toolchains/nightly-x86_64-unknown-linux-gnu/lib/rustlib/src/rust/library/alloc/src/vec/spec_extend.rs:58 (rexx_exec-29b7299628c28281+0xb95836)
    #5 <alloc::vec::Vec<u8>>::extend_from_slice /home/moritz/.rustup/toolchains/nightly-x86_64-unknown-linux-gnu/lib/rustlib/src/rust/library/alloc/src/vec/mod.rs:3648 (rexx_exec-29b7299628c28281+0xb95836)
    #6 <rexx_core::body::BufferBytes>::extend_from_slice /home/moritz/dev/repos/ooRexx-rust-rewrite/rust/crates/rexx-core/src/body.rs:524 (rexx_exec-29b7299628c28281+0xba1c07) (BuildId: ff447da67811f0f610ae37397119fbeef3578343)
    #7 rexx_exec::dispatch::buffer::replace_buffer_contents /home/moritz/dev/repos/ooRexx-rust-rewrite/rust/crates/rexx-exec/src/dispatch/buffer.rs:1472 (rexx_exec-29b7299628c28281+0x731e88) (BuildId: ff447da67811f0f610ae37397119fbeef3578343)
    #8 rexx_exec::dispatch::buffer::native_mutable_buffer_overlay /home/moritz/dev/repos/ooRexx-rust-rewrite/rust/crates/rexx-exec/src/dispatch/buffer.rs:1657 (rexx_exec-29b7299628c28281+0x731e88)
    #9 <rexx_exec::Interp>::begin_invoke /home/moritz/dev/repos/ooRexx-rust-rewrite/rust/crates/rexx-exec/src/dispatch.rs:2397 (rexx_exec-29b7299628c28281+0x65d388) (BuildId: ff447da67811f0f610ae37397119fbeef3578343)
    #10 <rexx_exec::Interp>::begin_send /home/moritz/dev/repos/ooRexx-rust-rewrite/rust/crates/rexx-exec/src/dispatch.rs:3491 (rexx_exec-29b7299628c28281+0x65b7d0) (BuildId: ff447da67811f0f610ae37397119fbeef3578343)
    #11 <rexx_exec::Interp>::begin_send_op /home/moritz/dev/repos/ooRexx-rust-rewrite/rust/crates/rexx-exec/src/ir/drive.rs:2255 (rexx_exec-29b7299628c28281+0x5ea986) (BuildId: ff447da67811f0f610ae37397119fbeef3578343)
    #12 <rexx_exec::Interp>::ops_loop::<false, true> /home/moritz/dev/repos/ooRexx-rust-rewrite/rust/crates/rexx-exec/src/ir/drive.rs:561 (rexx_exec-29b7299628c28281+0x612b67) (BuildId: ff447da67811f0f610ae37397119fbeef3578343)
    #13 <rexx_exec::Interp>::ops_loop_steady /home/moritz/dev/repos/ooRexx-rust-rewrite/rust/crates/rexx-exec/src/ir/drive.rs:3339 (rexx_exec-29b7299628c28281+0x612b67)
    #14 <rexx_exec::Interp>::drive_levels /home/moritz/dev/repos/ooRexx-rust-rewrite/rust/crates/rexx-exec/src/ir/drive.rs:2718 (rexx_exec-29b7299628c28281+0x5fa298) (BuildId: ff447da67811f0f610ae37397119fbeef3578343)
    #15 <rexx_exec::Interp>::drive_from /home/moritz/dev/repos/ooRexx-rust-rewrite/rust/crates/rexx-exec/src/ir/drive.rs:2589 (rexx_exec-29b7299628c28281+0x658c43) (BuildId: ff447da67811f0f610ae37397119fbeef3578343)
    #16 <rexx_exec::Interp>::run_started /home/moritz/dev/repos/ooRexx-rust-rewrite/rust/crates/rexx-exec/src/scheduler.rs:1687 (rexx_exec-29b7299628c28281+0x658c43)
    #17 <rexx_exec::Interp as rexx_exec::scheduler::Scheduler>::run_until_park /home/moritz/dev/repos/ooRexx-rust-rewrite/rust/crates/rexx-exec/src/scheduler.rs:510 (rexx_exec-29b7299628c28281+0x658c43)
    #18 <rexx_exec::Interp>::run_others_from /home/moritz/dev/repos/ooRexx-rust-rewrite/rust/crates/rexx-exec/src/scheduler.rs:1520 (rexx_exec-29b7299628c28281+0x658c43)
    #19 <rexx_exec::Interp>::run_round /home/moritz/dev/repos/ooRexx-rust-rewrite/rust/crates/rexx-exec/src/scheduler.rs:1495 (rexx_exec-29b7299628c28281+0x658c43)
    #20 <rexx_exec::Interp>::run_others /home/moritz/dev/repos/ooRexx-rust-rewrite/rust/crates/rexx-exec/src/scheduler.rs:1481 (rexx_exec-29b7299628c28281+0x646a41) (BuildId: ff447da67811f0f610ae37397119fbeef3578343)
    #21 <rexx_exec::Interp>::wait_until_woken /home/moritz/dev/repos/ooRexx-rust-rewrite/rust/crates/rexx-exec/src/scheduler.rs:984 (rexx_exec-29b7299628c28281+0x646a41)
    #22 <rexx_exec::Interp>::run_activity_root /home/moritz/dev/repos/ooRexx-rust-rewrite/rust/crates/rexx-exec/src/scheduler.rs:1878 (rexx_exec-29b7299628c28281+0x646a41)
    #23 <rexx_exec::Interp>::run_loaded /home/moritz/dev/repos/ooRexx-rust-rewrite/rust/crates/rexx-exec/src/lib.rs:2425 (rexx_exec-29b7299628c28281+0x646a41)
    #24 <rexx_exec::Interp>::run /home/moritz/dev/repos/ooRexx-rust-rewrite/rust/crates/rexx-exec/src/lib.rs:2104 (rexx_exec-29b7299628c28281+0x64cf64) (BuildId: ff447da67811f0f610ae37397119fbeef3578343)
    #25 rexx_exec::execute_on::{closure#0} /home/moritz/dev/repos/ooRexx-rust-rewrite/rust/crates/rexx-exec/src/lib.rs:3263 (rexx_exec-29b7299628c28281+0x576120) (BuildId: ff447da67811f0f610ae37397119fbeef3578343)
    #26 <core::result::Result<(), rexx_exec::error::Failure>>::and_then::<core::option::Option<rexx_core::handle::ObjRef>, rexx_exec::execute_on::{closure#0}> /home/moritz/.rustup/toolchains/nightly-x86_64-unknown-linux-gnu/lib/rustlib/src/rust/library/core/src/result.rs:1490 (rexx_exec-29b7299628c28281+0x576120)
    #27 rexx_exec::execute_on /home/moritz/dev/repos/ooRexx-rust-rewrite/rust/crates/rexx-exec/src/lib.rs:3243 (rexx_exec-29b7299628c28281+0x576120)
    #28 rexx_exec::scheduler::tests::pool::run_shaped::{closure#0} /home/moritz/dev/repos/ooRexx-rust-rewrite/rust/crates/rexx-exec/src/scheduler/tests/pool.rs:256 (rexx_exec-29b7299628c28281+0xa03f0b) (BuildId: ff447da67811f0f610ae37397119fbeef3578343)
    #29 std::sys::backtrace::__rust_begin_short_backtrace::<rexx_exec::scheduler::tests::pool::run_shaped::{closure#0}, rexx_exec::scheduler::tests::pool::Ran> /home/moritz/.rustup/toolchains/nightly-x86_64-unknown-linux-gnu/lib/rustlib/src/rust/library/std/src/sys/backtrace.rs:166 (rexx_exec-29b7299628c28281+0xa03f0b)
    #30 std::thread::lifecycle::spawn_unchecked::<rexx_exec::scheduler::tests::pool::run_shaped::{closure#0}, rexx_exec::scheduler::tests::pool::Ran>::{closure#1}::{closure#0} /home/moritz/.rustup/toolchains/nightly-x86_64-unknown-linux-gnu/lib/rustlib/src/rust/library/std/src/thread/lifecycle.rs:64 (rexx_exec-29b7299628c28281+0x9f2a9b) (BuildId: ff447da67811f0f610ae37397119fbeef3578343)
    #31 <core::panic::unwind_safe::AssertUnwindSafe<std::thread::lifecycle::spawn_unchecked<rexx_exec::scheduler::tests::pool::run_shaped::{closure#0}, rexx_exec::scheduler::tests::pool::Ran>::{closure#1}::{closure#0}> as core::ops::function::FnOnce<()>>::call_once /home/moritz/.rustup/toolchains/nightly-x86_64-unknown-linux-gnu/lib/rustlib/src/rust/library/core/src/panic/unwind_safe.rs:275 (rexx_exec-29b7299628c28281+0x9f2a9b)
    #32 std::panicking::catch_unwind::do_call::<core::panic::unwind_safe::AssertUnwindSafe<std::thread::lifecycle::spawn_unchecked<rexx_exec::scheduler::tests::pool::run_shaped::{closure#0}, rexx_exec::scheduler::tests::pool::Ran>::{closure#1}::{closure#0}>, rexx_exec::scheduler::tests::pool::Ran> /home/moritz/.rustup/toolchains/nightly-x86_64-unknown-linux-gnu/lib/rustlib/src/rust/library/std/src/panicking.rs:573 (rexx_exec-29b7299628c28281+0x9f2a9b)
    #33 __rust_try dofaq9t1iakn0w6lu7b0cv1mu:? (rexx_exec-29b7299628c28281+0x9f66df) (BuildId: ff447da67811f0f610ae37397119fbeef3578343)
    #34 std::panicking::catch_unwind::<rexx_exec::scheduler::tests::pool::Ran, core::panic::unwind_safe::AssertUnwindSafe<std::thread::lifecycle::spawn_unchecked<rexx_exec::scheduler::tests::pool::run_shaped::{closure#0}, rexx_exec::scheduler::tests::pool::Ran>::{closure#1}::{closure#0}>> /home/moritz/.rustup/toolchains/nightly-x86_64-unknown-linux-gnu/lib/rustlib/src/rust/library/std/src/panicking.rs:541 (rexx_exec-29b7299628c28281+0x9f4d3f) (BuildId: ff447da67811f0f610ae37397119fbeef3578343)
    #35 std::panic::catch_unwind::<core::panic::unwind_safe::AssertUnwindSafe<std::thread::lifecycle::spawn_unchecked<rexx_exec::scheduler::tests::pool::run_shaped::{closure#0}, rexx_exec::scheduler::tests::pool::Ran>::{closure#1}::{closure#0}>, rexx_exec::scheduler::tests::pool::Ran> /home/moritz/.rustup/toolchains/nightly-x86_64-unknown-linux-gnu/lib/rustlib/src/rust/library/std/src/panic.rs:359 (rexx_exec-29b7299628c28281+0x9f4d3f)
    #36 std::thread::lifecycle::spawn_unchecked::<rexx_exec::scheduler::tests::pool::run_shaped::{closure#0}, rexx_exec::scheduler::tests::pool::Ran>::{closure#1} /home/moritz/.rustup/toolchains/nightly-x86_64-unknown-linux-gnu/lib/rustlib/src/rust/library/std/src/thread/lifecycle.rs:62 (rexx_exec-29b7299628c28281+0x9f4d3f)
    #37 <std::thread::lifecycle::spawn_unchecked<rexx_exec::scheduler::tests::pool::run_shaped::{closure#0}, rexx_exec::scheduler::tests::pool::Ran>::{closure#1} as core::ops::function::FnOnce<()>>::call_once::{shim:vtable#0} /home/moritz/.rustup/toolchains/nightly-x86_64-unknown-linux-gnu/lib/rustlib/src/rust/library/core/src/ops/function.rs:250 (rexx_exec-29b7299628c28281+0x9f4d3f)
    #38 <alloc::boxed::Box<dyn core::ops::function::FnOnce<(), Output = ()> + core::marker::Send> as core::ops::function::FnOnce<()>>::call_once /home/moritz/.rustup/toolchains/nightly-x86_64-unknown-linux-gnu/lib/rustlib/src/rust/library/alloc/src/boxed.rs:2366 (rexx_exec-29b7299628c28281+0xc4f3e4) (BuildId: ff447da67811f0f610ae37397119fbeef3578343)
    #39 <std::sys::thread::unix::Thread>::new::thread_start /home/moritz/.rustup/toolchains/nightly-x86_64-unknown-linux-gnu/lib/rustlib/src/rust/library/std/src/sys/thread/unix.rs:127 (rexx_exec-29b7299628c28281+0xc370aa) (BuildId: ff447da67811f0f610ae37397119fbeef3578343)

  Location is heap block of size 256 at 0x724000008a00 allocated by thread T3:
    #0 malloc ??:? (rexx_exec-29b7299628c28281+0x3b8c00) (BuildId: ff447da67811f0f610ae37397119fbeef3578343)
    #1 std::sys::alloc::unix::alloc /home/moritz/.rustup/toolchains/nightly-x86_64-unknown-linux-gnu/lib/rustlib/src/rust/library/std/src/sys/alloc/unix.rs:31 (rexx_exec-29b7299628c28281+0xbe7a28) (BuildId: ff447da67811f0f610ae37397119fbeef3578343)
    #2 __rustc::__rdl_alloc /home/moritz/.rustup/toolchains/nightly-x86_64-unknown-linux-gnu/lib/rustlib/src/rust/library/std/src/alloc.rs:472 (rexx_exec-29b7299628c28281+0xbe7a28)
    #3 <alloc::raw_vec::RawVecInner>::finish_grow /home/moritz/.rustup/toolchains/nightly-x86_64-unknown-linux-gnu/lib/rustlib/src/rust/library/alloc/src/raw_vec/mod.rs:? (rexx_exec-29b7299628c28281+0xa27496) (BuildId: ff447da67811f0f610ae37397119fbeef3578343)
    #4 <alloc::raw_vec::RawVecInner>::grow_exact /home/moritz/.rustup/toolchains/nightly-x86_64-unknown-linux-gnu/lib/rustlib/src/rust/library/alloc/src/raw_vec/mod.rs:821 (rexx_exec-29b7299628c28281+0xa260d3) (BuildId: ff447da67811f0f610ae37397119fbeef3578343)
    #5 <alloc::raw_vec::RawVecInner>::try_reserve_exact /home/moritz/.rustup/toolchains/nightly-x86_64-unknown-linux-gnu/lib/rustlib/src/rust/library/alloc/src/raw_vec/mod.rs:745 (rexx_exec-29b7299628c28281+0xa260d3)
    #6 <alloc::raw_vec::RawVec<u8>>::try_reserve_exact /home/moritz/.rustup/toolchains/nightly-x86_64-unknown-linux-gnu/lib/rustlib/src/rust/library/alloc/src/raw_vec/mod.rs:393 (rexx_exec-29b7299628c28281+0x6e6f06) (BuildId: ff447da67811f0f610ae37397119fbeef3578343)
    #7 <alloc::vec::Vec<u8>>::try_reserve_exact /home/moritz/.rustup/toolchains/nightly-x86_64-unknown-linux-gnu/lib/rustlib/src/rust/library/alloc/src/vec/mod.rs:1583 (rexx_exec-29b7299628c28281+0x6e6f06)
    #8 rexx_exec::dispatch::buffer::native_mutable_buffer_new /home/moritz/dev/repos/ooRexx-rust-rewrite/rust/crates/rexx-exec/src/dispatch/buffer.rs:361 (rexx_exec-29b7299628c28281+0x72eaed) (BuildId: ff447da67811f0f610ae37397119fbeef3578343)
    #9 <rexx_exec::Interp>::begin_invoke /home/moritz/dev/repos/ooRexx-rust-rewrite/rust/crates/rexx-exec/src/dispatch.rs:2402 (rexx_exec-29b7299628c28281+0x65d032) (BuildId: ff447da67811f0f610ae37397119fbeef3578343)
    #10 <rexx_exec::Interp>::begin_send /home/moritz/dev/repos/ooRexx-rust-rewrite/rust/crates/rexx-exec/src/dispatch.rs:3491 (rexx_exec-29b7299628c28281+0x65b7d0) (BuildId: ff447da67811f0f610ae37397119fbeef3578343)
    #11 <rexx_exec::Interp>::begin_send_op /home/moritz/dev/repos/ooRexx-rust-rewrite/rust/crates/rexx-exec/src/ir/drive.rs:2255 (rexx_exec-29b7299628c28281+0x5ea986) (BuildId: ff447da67811f0f610ae37397119fbeef3578343)
    #12 <rexx_exec::Interp>::ops_loop::<false, true> /home/moritz/dev/repos/ooRexx-rust-rewrite/rust/crates/rexx-exec/src/ir/drive.rs:561 (rexx_exec-29b7299628c28281+0x612b67) (BuildId: ff447da67811f0f610ae37397119fbeef3578343)
    #13 <rexx_exec::Interp>::ops_loop_steady /home/moritz/dev/repos/ooRexx-rust-rewrite/rust/crates/rexx-exec/src/ir/drive.rs:3339 (rexx_exec-29b7299628c28281+0x612b67)
    #14 <rexx_exec::Interp>::drive_levels /home/moritz/dev/repos/ooRexx-rust-rewrite/rust/crates/rexx-exec/src/ir/drive.rs:2709 (rexx_exec-29b7299628c28281+0x5f9b44) (BuildId: ff447da67811f0f610ae37397119fbeef3578343)
    #15 <rexx_exec::Interp>::drive_from /home/moritz/dev/repos/ooRexx-rust-rewrite/rust/crates/rexx-exec/src/ir/drive.rs:2589 (rexx_exec-29b7299628c28281+0x6464ef) (BuildId: ff447da67811f0f610ae37397119fbeef3578343)
    #16 <rexx_exec::Interp>::run_activity_root /home/moritz/dev/repos/ooRexx-rust-rewrite/rust/crates/rexx-exec/src/scheduler.rs:1871 (rexx_exec-29b7299628c28281+0x6464ef)
    #17 <rexx_exec::Interp>::run_loaded /home/moritz/dev/repos/ooRexx-rust-rewrite/rust/crates/rexx-exec/src/lib.rs:2425 (rexx_exec-29b7299628c28281+0x6464ef)
    #18 <rexx_exec::Interp>::run /home/moritz/dev/repos/ooRexx-rust-rewrite/rust/crates/rexx-exec/src/lib.rs:2104 (rexx_exec-29b7299628c28281+0x64cf64) (BuildId: ff447da67811f0f610ae37397119fbeef3578343)
    #19 rexx_exec::execute_on::{closure#0} /home/moritz/dev/repos/ooRexx-rust-rewrite/rust/crates/rexx-exec/src/lib.rs:3263 (rexx_exec-29b7299628c28281+0x576120) (BuildId: ff447da67811f0f610ae37397119fbeef3578343)
    #20 <core::result::Result<(), rexx_exec::error::Failure>>::and_then::<core::option::Option<rexx_core::handle::ObjRef>, rexx_exec::execute_on::{closure#0}> /home/moritz/.rustup/toolchains/nightly-x86_64-unknown-linux-gnu/lib/rustlib/src/rust/library/core/src/result.rs:1490 (rexx_exec-29b7299628c28281+0x576120)
    #21 rexx_exec::execute_on /home/moritz/dev/repos/ooRexx-rust-rewrite/rust/crates/rexx-exec/src/lib.rs:3243 (rexx_exec-29b7299628c28281+0x576120)
    #22 rexx_exec::scheduler::tests::pool::run_shaped::{closure#0} /home/moritz/dev/repos/ooRexx-rust-rewrite/rust/crates/rexx-exec/src/scheduler/tests/pool.rs:256 (rexx_exec-29b7299628c28281+0xa03f0b) (BuildId: ff447da67811f0f610ae37397119fbeef3578343)
    #23 std::sys::backtrace::__rust_begin_short_backtrace::<rexx_exec::scheduler::tests::pool::run_shaped::{closure#0}, rexx_exec::scheduler::tests::pool::Ran> /home/moritz/.rustup/toolchains/nightly-x86_64-unknown-linux-gnu/lib/rustlib/src/rust/library/std/src/sys/backtrace.rs:166 (rexx_exec-29b7299628c28281+0xa03f0b)
    #24 std::thread::lifecycle::spawn_unchecked::<rexx_exec::scheduler::tests::pool::run_shaped::{closure#0}, rexx_exec::scheduler::tests::pool::Ran>::{closure#1}::{closure#0} /home/moritz/.rustup/toolchains/nightly-x86_64-unknown-linux-gnu/lib/rustlib/src/rust/library/std/src/thread/lifecycle.rs:64 (rexx_exec-29b7299628c28281+0x9f2a9b) (BuildId: ff447da67811f0f610ae37397119fbeef3578343)
    #25 <core::panic::unwind_safe::AssertUnwindSafe<std::thread::lifecycle::spawn_unchecked<rexx_exec::scheduler::tests::pool::run_shaped::{closure#0}, rexx_exec::scheduler::tests::pool::Ran>::{closure#1}::{closure#0}> as core::ops::function::FnOnce<()>>::call_once /home/moritz/.rustup/toolchains/nightly-x86_64-unknown-linux-gnu/lib/rustlib/src/rust/library/core/src/panic/unwind_safe.rs:275 (rexx_exec-29b7299628c28281+0x9f2a9b)
    #26 std::panicking::catch_unwind::do_call::<core::panic::unwind_safe::AssertUnwindSafe<std::thread::lifecycle::spawn_unchecked<rexx_exec::scheduler::tests::pool::run_shaped::{closure#0}, rexx_exec::scheduler::tests::pool::Ran>::{closure#1}::{closure#0}>, rexx_exec::scheduler::tests::pool::Ran> /home/moritz/.rustup/toolchains/nightly-x86_64-unknown-linux-gnu/lib/rustlib/src/rust/library/std/src/panicking.rs:573 (rexx_exec-29b7299628c28281+0x9f2a9b)
    #27 __rust_try dofaq9t1iakn0w6lu7b0cv1mu:? (rexx_exec-29b7299628c28281+0x9f66df) (BuildId: ff447da67811f0f610ae37397119fbeef3578343)
    #28 std::panicking::catch_unwind::<rexx_exec::scheduler::tests::pool::Ran, core::panic::unwind_safe::AssertUnwindSafe<std::thread::lifecycle::spawn_unchecked<rexx_exec::scheduler::tests::pool::run_shaped::{closure#0}, rexx_exec::scheduler::tests::pool::Ran>::{closure#1}::{closure#0}>> /home/moritz/.rustup/toolchains/nightly-x86_64-unknown-linux-gnu/lib/rustlib/src/rust/library/std/src/panicking.rs:541 (rexx_exec-29b7299628c28281+0x9f4d3f) (BuildId: ff447da67811f0f610ae37397119fbeef3578343)
    #29 std::panic::catch_unwind::<core::panic::unwind_safe::AssertUnwindSafe<std::thread::lifecycle::spawn_unchecked<rexx_exec::scheduler::tests::pool::run_shaped::{closure#0}, rexx_exec::scheduler::tests::pool::Ran>::{closure#1}::{closure#0}>, rexx_exec::scheduler::tests::pool::Ran> /home/moritz/.rustup/toolchains/nightly-x86_64-unknown-linux-gnu/lib/rustlib/src/rust/library/std/src/panic.rs:359 (rexx_exec-29b7299628c28281+0x9f4d3f)
    #30 std::thread::lifecycle::spawn_unchecked::<rexx_exec::scheduler::tests::pool::run_shaped::{closure#0}, rexx_exec::scheduler::tests::pool::Ran>::{closure#1} /home/moritz/.rustup/toolchains/nightly-x86_64-unknown-linux-gnu/lib/rustlib/src/rust/library/std/src/thread/lifecycle.rs:62 (rexx_exec-29b7299628c28281+0x9f4d3f)
    #31 <std::thread::lifecycle::spawn_unchecked<rexx_exec::scheduler::tests::pool::run_shaped::{closure#0}, rexx_exec::scheduler::tests::pool::Ran>::{closure#1} as core::ops::function::FnOnce<()>>::call_once::{shim:vtable#0} /home/moritz/.rustup/toolchains/nightly-x86_64-unknown-linux-gnu/lib/rustlib/src/rust/library/core/src/ops/function.rs:250 (rexx_exec-29b7299628c28281+0x9f4d3f)
    #32 <alloc::boxed::Box<dyn core::ops::function::FnOnce<(), Output = ()> + core::marker::Send> as core::ops::function::FnOnce<()>>::call_once /home/moritz/.rustup/toolchains/nightly-x86_64-unknown-linux-gnu/lib/rustlib/src/rust/library/alloc/src/boxed.rs:2366 (rexx_exec-29b7299628c28281+0xc4f3e4) (BuildId: ff447da67811f0f610ae37397119fbeef3578343)
    #33 <std::sys::thread::unix::Thread>::new::thread_start /home/moritz/.rustup/toolchains/nightly-x86_64-unknown-linux-gnu/lib/rustlib/src/rust/library/std/src/sys/thread/unix.rs:127 (rexx_exec-29b7299628c28281+0xc370aa) (BuildId: ff447da67811f0f610ae37397119fbeef3578343)

  Thread T7 'rexx-pool' (tid=2174158, running) created by thread T3 at:
    #0 pthread_create ??:? (rexx_exec-29b7299628c28281+0x3badea) (BuildId: ff447da67811f0f610ae37397119fbeef3578343)
    #1 <std::sys::thread::unix::Thread>::new /home/moritz/.rustup/toolchains/nightly-x86_64-unknown-linux-gnu/lib/rustlib/src/rust/library/std/src/sys/thread/unix.rs:107 (rexx_exec-29b7299628c28281+0xc33269) (BuildId: ff447da67811f0f610ae37397119fbeef3578343)
    #2 std::thread::lifecycle::spawn_unchecked::<<rexx_exec::scheduler::pool::Pool>::reserve::{closure#0}, ()> /home/moritz/.rustup/toolchains/nightly-x86_64-unknown-linux-gnu/lib/rustlib/src/rust/library/std/src/thread/lifecycle.rs:110 (rexx_exec-29b7299628c28281+0x9ecef0) (BuildId: ff447da67811f0f610ae37397119fbeef3578343)
    #3 <std::thread::builder::Builder>::spawn_unchecked::<<rexx_exec::scheduler::pool::Pool>::reserve::{closure#0}, ()> /home/moritz/.rustup/toolchains/nightly-x86_64-unknown-linux-gnu/lib/rustlib/src/rust/library/std/src/thread/builder.rs:261 (rexx_exec-29b7299628c28281+0x7ad90e) (BuildId: ff447da67811f0f610ae37397119fbeef3578343)
    #4 <std::thread::builder::Builder>::spawn::<<rexx_exec::scheduler::pool::Pool>::reserve::{closure#0}, ()> /home/moritz/.rustup/toolchains/nightly-x86_64-unknown-linux-gnu/lib/rustlib/src/rust/library/std/src/thread/builder.rs:191 (rexx_exec-29b7299628c28281+0x7ad90e)
    #5 <rexx_exec::scheduler::pool::Pool>::reserve /home/moritz/dev/repos/ooRexx-rust-rewrite/rust/crates/rexx-exec/src/scheduler/pool.rs:126 (rexx_exec-29b7299628c28281+0x78e4e6) (BuildId: ff447da67811f0f610ae37397119fbeef3578343)
    #6 <rexx_exec::Interp as rexx_exec::scheduler::Scheduler>::exit_for_native /home/moritz/dev/repos/ooRexx-rust-rewrite/rust/crates/rexx-exec/src/scheduler.rs:615 (rexx_exec-29b7299628c28281+0x6539ea) (BuildId: ff447da67811f0f610ae37397119fbeef3578343)
    #7 <rexx_exec::Interp>::exit_if_awaited /home/moritz/dev/repos/ooRexx-rust-rewrite/rust/crates/rexx-exec/src/scheduler.rs:1221 (rexx_exec-29b7299628c28281+0x6539ea)
    #8 <rexx_exec::Interp>::run_activity_root /home/moritz/dev/repos/ooRexx-rust-rewrite/rust/crates/rexx-exec/src/scheduler.rs:1873 (rexx_exec-29b7299628c28281+0x64651b) (BuildId: ff447da67811f0f610ae37397119fbeef3578343)
    #9 <rexx_exec::Interp>::run_loaded /home/moritz/dev/repos/ooRexx-rust-rewrite/rust/crates/rexx-exec/src/lib.rs:2425 (rexx_exec-29b7299628c28281+0x64651b)
    #10 <rexx_exec::Interp>::run /home/moritz/dev/repos/ooRexx-rust-rewrite/rust/crates/rexx-exec/src/lib.rs:2104 (rexx_exec-29b7299628c28281+0x64cf64) (BuildId: ff447da67811f0f610ae37397119fbeef3578343)
    #11 rexx_exec::execute_on::{closure#0} /home/moritz/dev/repos/ooRexx-rust-rewrite/rust/crates/rexx-exec/src/lib.rs:3263 (rexx_exec-29b7299628c28281+0x576120) (BuildId: ff447da67811f0f610ae37397119fbeef3578343)
    #12 <core::result::Result<(), rexx_exec::error::Failure>>::and_then::<core::option::Option<rexx_core::handle::ObjRef>, rexx_exec::execute_on::{closure#0}> /home/moritz/.rustup/toolchains/nightly-x86_64-unknown-linux-gnu/lib/rustlib/src/rust/library/core/src/result.rs:1490 (rexx_exec-29b7299628c28281+0x576120)
    #13 rexx_exec::execute_on /home/moritz/dev/repos/ooRexx-rust-rewrite/rust/crates/rexx-exec/src/lib.rs:3243 (rexx_exec-29b7299628c28281+0x576120)
    #14 rexx_exec::scheduler::tests::pool::run_shaped::{closure#0} /home/moritz/dev/repos/ooRexx-rust-rewrite/rust/crates/rexx-exec/src/scheduler/tests/pool.rs:256 (rexx_exec-29b7299628c28281+0xa03f0b) (BuildId: ff447da67811f0f610ae37397119fbeef3578343)
    #15 std::sys::backtrace::__rust_begin_short_backtrace::<rexx_exec::scheduler::tests::pool::run_shaped::{closure#0}, rexx_exec::scheduler::tests::pool::Ran> /home/moritz/.rustup/toolchains/nightly-x86_64-unknown-linux-gnu/lib/rustlib/src/rust/library/std/src/sys/backtrace.rs:166 (rexx_exec-29b7299628c28281+0xa03f0b)
    #16 std::thread::lifecycle::spawn_unchecked::<rexx_exec::scheduler::tests::pool::run_shaped::{closure#0}, rexx_exec::scheduler::tests::pool::Ran>::{closure#1}::{closure#0} /home/moritz/.rustup/toolchains/nightly-x86_64-unknown-linux-gnu/lib/rustlib/src/rust/library/std/src/thread/lifecycle.rs:64 (rexx_exec-29b7299628c28281+0x9f2a9b) (BuildId: ff447da67811f0f610ae37397119fbeef3578343)
    #17 <core::panic::unwind_safe::AssertUnwindSafe<std::thread::lifecycle::spawn_unchecked<rexx_exec::scheduler::tests::pool::run_shaped::{closure#0}, rexx_exec::scheduler::tests::pool::Ran>::{closure#1}::{closure#0}> as core::ops::function::FnOnce<()>>::call_once /home/moritz/.rustup/toolchains/nightly-x86_64-unknown-linux-gnu/lib/rustlib/src/rust/library/core/src/panic/unwind_safe.rs:275 (rexx_exec-29b7299628c28281+0x9f2a9b)
    #18 std::panicking::catch_unwind::do_call::<core::panic::unwind_safe::AssertUnwindSafe<std::thread::lifecycle::spawn_unchecked<rexx_exec::scheduler::tests::pool::run_shaped::{closure#0}, rexx_exec::scheduler::tests::pool::Ran>::{closure#1}::{closure#0}>, rexx_exec::scheduler::tests::pool::Ran> /home/moritz/.rustup/toolchains/nightly-x86_64-unknown-linux-gnu/lib/rustlib/src/rust/library/std/src/panicking.rs:573 (rexx_exec-29b7299628c28281+0x9f2a9b)
    #19 __rust_try dofaq9t1iakn0w6lu7b0cv1mu:? (rexx_exec-29b7299628c28281+0x9f66df) (BuildId: ff447da67811f0f610ae37397119fbeef3578343)
    #20 std::panicking::catch_unwind::<rexx_exec::scheduler::tests::pool::Ran, core::panic::unwind_safe::AssertUnwindSafe<std::thread::lifecycle::spawn_unchecked<rexx_exec::scheduler::tests::pool::run_shaped::{closure#0}, rexx_exec::scheduler::tests::pool::Ran>::{closure#1}::{closure#0}>> /home/moritz/.rustup/toolchains/nightly-x86_64-unknown-linux-gnu/lib/rustlib/src/rust/library/std/src/panicking.rs:541 (rexx_exec-29b7299628c28281+0x9f4d3f) (BuildId: ff447da67811f0f610ae37397119fbeef3578343)
    #21 std::panic::catch_unwind::<core::panic::unwind_safe::AssertUnwindSafe<std::thread::lifecycle::spawn_unchecked<rexx_exec::scheduler::tests::pool::run_shaped::{closure#0}, rexx_exec::scheduler::tests::pool::Ran>::{closure#1}::{closure#0}>, rexx_exec::scheduler::tests::pool::Ran> /home/moritz/.rustup/toolchains/nightly-x86_64-unknown-linux-gnu/lib/rustlib/src/rust/library/std/src/panic.rs:359 (rexx_exec-29b7299628c28281+0x9f4d3f)
    #22 std::thread::lifecycle::spawn_unchecked::<rexx_exec::scheduler::tests::pool::run_shaped::{closure#0}, rexx_exec::scheduler::tests::pool::Ran>::{closure#1} /home/moritz/.rustup/toolchains/nightly-x86_64-unknown-linux-gnu/lib/rustlib/src/rust/library/std/src/thread/lifecycle.rs:62 (rexx_exec-29b7299628c28281+0x9f4d3f)
    #23 <std::thread::lifecycle::spawn_unchecked<rexx_exec::scheduler::tests::pool::run_shaped::{closure#0}, rexx_exec::scheduler::tests::pool::Ran>::{closure#1} as core::ops::function::FnOnce<()>>::call_once::{shim:vtable#0} /home/moritz/.rustup/toolchains/nightly-x86_64-unknown-linux-gnu/lib/rustlib/src/rust/library/core/src/ops/function.rs:250 (rexx_exec-29b7299628c28281+0x9f4d3f)
    #24 <alloc::boxed::Box<dyn core::ops::function::FnOnce<(), Output = ()> + core::marker::Send> as core::ops::function::FnOnce<()>>::call_once /home/moritz/.rustup/toolchains/nightly-x86_64-unknown-linux-gnu/lib/rustlib/src/rust/library/alloc/src/boxed.rs:2366 (rexx_exec-29b7299628c28281+0xc4f3e4) (BuildId: ff447da67811f0f610ae37397119fbeef3578343)
    #25 <std::sys::thread::unix::Thread>::new::thread_start /home/moritz/.rustup/toolchains/nightly-x86_64-unknown-linux-gnu/lib/rustlib/src/rust/library/std/src/sys/thread/unix.rs:127 (rexx_exec-29b7299628c28281+0xc370aa) (BuildId: ff447da67811f0f610ae37397119fbeef3578343)

  Thread T3 (tid=2174154, running) created by thread T1 at:
    #0 pthread_create ??:? (rexx_exec-29b7299628c28281+0x3badea) (BuildId: ff447da67811f0f610ae37397119fbeef3578343)
    #1 <std::sys::thread::unix::Thread>::new /home/moritz/.rustup/toolchains/nightly-x86_64-unknown-linux-gnu/lib/rustlib/src/rust/library/std/src/sys/thread/unix.rs:107 (rexx_exec-29b7299628c28281+0xc33269) (BuildId: ff447da67811f0f610ae37397119fbeef3578343)
    #2 std::thread::lifecycle::spawn_unchecked::<rexx_exec::scheduler::tests::pool::run_shaped::{closure#0}, rexx_exec::scheduler::tests::pool::Ran> /home/moritz/.rustup/toolchains/nightly-x86_64-unknown-linux-gnu/lib/rustlib/src/rust/library/std/src/thread/lifecycle.rs:110 (rexx_exec-29b7299628c28281+0x9f03ff) (BuildId: ff447da67811f0f610ae37397119fbeef3578343)
    #3 <std::thread::builder::Builder>::spawn_unchecked::<rexx_exec::scheduler::tests::pool::run_shaped::{closure#0}, rexx_exec::scheduler::tests::pool::Ran> /home/moritz/.rustup/toolchains/nightly-x86_64-unknown-linux-gnu/lib/rustlib/src/rust/library/std/src/thread/builder.rs:261 (rexx_exec-29b7299628c28281+0x7add16) (BuildId: ff447da67811f0f610ae37397119fbeef3578343)
    #4 <std::thread::builder::Builder>::spawn::<rexx_exec::scheduler::tests::pool::run_shaped::{closure#0}, rexx_exec::scheduler::tests::pool::Ran> /home/moritz/.rustup/toolchains/nightly-x86_64-unknown-linux-gnu/lib/rustlib/src/rust/library/std/src/thread/builder.rs:191 (rexx_exec-29b7299628c28281+0x7add16)
    #5 rexx_exec::scheduler::tests::pool::run_shaped /home/moritz/dev/repos/ooRexx-rust-rewrite/rust/crates/rexx-exec/src/scheduler/tests/pool.rs:241 (rexx_exec-29b7299628c28281+0x96cd60) (BuildId: ff447da67811f0f610ae37397119fbeef3578343)
    #6 rexx_exec::scheduler::tests::lent::run_lent /home/moritz/dev/repos/ooRexx-rust-rewrite/rust/crates/rexx-exec/src/scheduler/tests/lent.rs:56 (rexx_exec-29b7299628c28281+0xa17186) (BuildId: ff447da67811f0f610ae37397119fbeef3578343)
    #7 rexx_exec::scheduler::tests::lent::run /home/moritz/dev/repos/ooRexx-rust-rewrite/rust/crates/rexx-exec/src/scheduler/tests/lent.rs:70 (rexx_exec-29b7299628c28281+0xa179a1) (BuildId: ff447da67811f0f610ae37397119fbeef3578343)
    #8 rexx_exec::scheduler::tests::lent::a_buffer_changed_in_place_under_a_call_stays_shared /home/moritz/dev/repos/ooRexx-rust-rewrite/rust/crates/rexx-exec/src/scheduler/tests/lent.rs:145 (rexx_exec-29b7299628c28281+0xa179a1)
    #9 rexx_exec::scheduler::tests::lent::a_buffer_changed_in_place_under_a_call_stays_shared::{closure#0} /home/moritz/dev/repos/ooRexx-rust-rewrite/rust/crates/rexx-exec/src/scheduler/tests/lent.rs:144 (rexx_exec-29b7299628c28281+0x69feb8) (BuildId: ff447da67811f0f610ae37397119fbeef3578343)
    #10 <rexx_exec::scheduler::tests::lent::a_buffer_changed_in_place_under_a_call_stays_shared::{closure#0} as core::ops::function::FnOnce<()>>::call_once /home/moritz/.rustup/toolchains/nightly-x86_64-unknown-linux-gnu/lib/rustlib/src/rust/library/core/src/ops/function.rs:250 (rexx_exec-29b7299628c28281+0x69feb8)
    #11 <fn() -> core::result::Result<(), alloc::string::String> as core::ops::function::FnOnce<()>>::call_once /home/moritz/.rustup/toolchains/nightly-x86_64-unknown-linux-gnu/lib/rustlib/src/rust/library/core/src/ops/function.rs:250 (rexx_exec-29b7299628c28281+0xa34819) (BuildId: ff447da67811f0f610ae37397119fbeef3578343)
    #12 test::__rust_begin_short_backtrace::<core::result::Result<(), alloc::string::String>, fn() -> core::result::Result<(), alloc::string::String>> /home/moritz/.rustup/toolchains/nightly-x86_64-unknown-linux-gnu/lib/rustlib/src/rust/library/test/src/lib.rs:733 (rexx_exec-29b7299628c28281+0xa34819)
    #13 <test::types::RunnableTest>::run /home/moritz/.rustup/toolchains/nightly-x86_64-unknown-linux-gnu/lib/rustlib/src/rust/library/test/src/types.rs:145 (rexx_exec-29b7299628c28281+0xa64962) (BuildId: ff447da67811f0f610ae37397119fbeef3578343)
    #14 test::run_test_in_process::{closure#0} /home/moritz/.rustup/toolchains/nightly-x86_64-unknown-linux-gnu/lib/rustlib/src/rust/library/test/src/lib.rs:756 (rexx_exec-29b7299628c28281+0xa38faa) (BuildId: ff447da67811f0f610ae37397119fbeef3578343)
    #15 <core::panic::unwind_safe::AssertUnwindSafe<test::run_test_in_process::{closure#0}> as core::ops::function::FnOnce<()>>::call_once /home/moritz/.rustup/toolchains/nightly-x86_64-unknown-linux-gnu/lib/rustlib/src/rust/library/core/src/panic/unwind_safe.rs:275 (rexx_exec-29b7299628c28281+0xa38faa)
    #16 std::panicking::catch_unwind::do_call::<core::panic::unwind_safe::AssertUnwindSafe<test::run_test_in_process::{closure#0}>, core::result::Result<(), alloc::string::String>> /home/moritz/.rustup/toolchains/nightly-x86_64-unknown-linux-gnu/lib/rustlib/src/rust/library/std/src/panicking.rs:573 (rexx_exec-29b7299628c28281+0xa38faa)
    #17 __rust_try test.29a1e669b6bc9b83-cgu.01:? (rexx_exec-29b7299628c28281+0xa3d7e5) (BuildId: ff447da67811f0f610ae37397119fbeef3578343)
    #18 std::panicking::catch_unwind::<core::result::Result<(), alloc::string::String>, core::panic::unwind_safe::AssertUnwindSafe<test::run_test_in_process::{closure#0}>> /home/moritz/.rustup/toolchains/nightly-x86_64-unknown-linux-gnu/lib/rustlib/src/rust/library/std/src/panicking.rs:541 (rexx_exec-29b7299628c28281+0xa3ab82) (BuildId: ff447da67811f0f610ae37397119fbeef3578343)
    #19 std::panic::catch_unwind::<core::panic::unwind_safe::AssertUnwindSafe<test::run_test_in_process::{closure#0}>, core::result::Result<(), alloc::string::String>> /home/moritz/.rustup/toolchains/nightly-x86_64-unknown-linux-gnu/lib/rustlib/src/rust/library/std/src/panic.rs:359 (rexx_exec-29b7299628c28281+0xa3ab82)
    #20 test::run_test_in_process /home/moritz/.rustup/toolchains/nightly-x86_64-unknown-linux-gnu/lib/rustlib/src/rust/library/test/src/lib.rs:756 (rexx_exec-29b7299628c28281+0xa3ab82)
    #21 test::run_test::{closure#0} /home/moritz/.rustup/toolchains/nightly-x86_64-unknown-linux-gnu/lib/rustlib/src/rust/library/test/src/lib.rs:677 (rexx_exec-29b7299628c28281+0xa477c4) (BuildId: ff447da67811f0f610ae37397119fbeef3578343)
    #22 test::run_test::{closure#1} /home/moritz/.rustup/toolchains/nightly-x86_64-unknown-linux-gnu/lib/rustlib/src/rust/library/test/src/lib.rs:707 (rexx_exec-29b7299628c28281+0xa477c4)
    #23 std::sys::backtrace::__rust_begin_short_backtrace::<test::run_test::{closure#1}, ()> /home/moritz/.rustup/toolchains/nightly-x86_64-unknown-linux-gnu/lib/rustlib/src/rust/library/std/src/sys/backtrace.rs:166 (rexx_exec-29b7299628c28281+0xa477c4)
    #24 std::thread::lifecycle::spawn_unchecked::<test::run_test::{closure#1}, ()>::{closure#1}::{closure#0} /home/moritz/.rustup/toolchains/nightly-x86_64-unknown-linux-gnu/lib/rustlib/src/rust/library/std/src/thread/lifecycle.rs:64 (rexx_exec-29b7299628c28281+0xa95426) (BuildId: ff447da67811f0f610ae37397119fbeef3578343)
    #25 <core::panic::unwind_safe::AssertUnwindSafe<std::thread::lifecycle::spawn_unchecked<test::run_test::{closure#1}, ()>::{closure#1}::{closure#0}> as core::ops::function::FnOnce<()>>::call_once /home/moritz/.rustup/toolchains/nightly-x86_64-unknown-linux-gnu/lib/rustlib/src/rust/library/core/src/panic/unwind_safe.rs:275 (rexx_exec-29b7299628c28281+0xa95426)
    #26 std::panicking::catch_unwind::do_call::<core::panic::unwind_safe::AssertUnwindSafe<std::thread::lifecycle::spawn_unchecked<test::run_test::{closure#1}, ()>::{closure#1}::{closure#0}>, ()> /home/moritz/.rustup/toolchains/nightly-x86_64-unknown-linux-gnu/lib/rustlib/src/rust/library/std/src/panicking.rs:573 (rexx_exec-29b7299628c28281+0xa95426)
    #27 __rust_try test.29a1e669b6bc9b83-cgu.13:? (rexx_exec-29b7299628c28281+0xa9986f) (BuildId: ff447da67811f0f610ae37397119fbeef3578343)
    #28 std::panicking::catch_unwind::<(), core::panic::unwind_safe::AssertUnwindSafe<std::thread::lifecycle::spawn_unchecked<test::run_test::{closure#1}, ()>::{closure#1}::{closure#0}>> /home/moritz/.rustup/toolchains/nightly-x86_64-unknown-linux-gnu/lib/rustlib/src/rust/library/std/src/panicking.rs:541 (rexx_exec-29b7299628c28281+0xa95def) (BuildId: ff447da67811f0f610ae37397119fbeef3578343)
    #29 std::panic::catch_unwind::<core::panic::unwind_safe::AssertUnwindSafe<std::thread::lifecycle::spawn_unchecked<test::run_test::{closure#1}, ()>::{closure#1}::{closure#0}>, ()> /home/moritz/.rustup/toolchains/nightly-x86_64-unknown-linux-gnu/lib/rustlib/src/rust/library/std/src/panic.rs:359 (rexx_exec-29b7299628c28281+0xa95def)
    #30 std::thread::lifecycle::spawn_unchecked::<test::run_test::{closure#1}, ()>::{closure#1} /home/moritz/.rustup/toolchains/nightly-x86_64-unknown-linux-gnu/lib/rustlib/src/rust/library/std/src/thread/lifecycle.rs:62 (rexx_exec-29b7299628c28281+0xa95def)
    #31 <std::thread::lifecycle::spawn_unchecked<test::run_test::{closure#1}, ()>::{closure#1} as core::ops::function::FnOnce<()>>::call_once::{shim:vtable#0} /home/moritz/.rustup/toolchains/nightly-x86_64-unknown-linux-gnu/lib/rustlib/src/rust/library/core/src/ops/function.rs:250 (rexx_exec-29b7299628c28281+0xa95def)
    #32 <alloc::boxed::Box<dyn core::ops::function::FnOnce<(), Output = ()> + core::marker::Send> as core::ops::function::FnOnce<()>>::call_once /home/moritz/.rustup/toolchains/nightly-x86_64-unknown-linux-gnu/lib/rustlib/src/rust/library/alloc/src/boxed.rs:2366 (rexx_exec-29b7299628c28281+0xc4f3e4) (BuildId: ff447da67811f0f610ae37397119fbeef3578343)
    #33 <std::sys::thread::unix::Thread>::new::thread_start /home/moritz/.rustup/toolchains/nightly-x86_64-unknown-linux-gnu/lib/rustlib/src/rust/library/std/src/sys/thread/unix.rs:127 (rexx_exec-29b7299628c28281+0xc370aa) (BuildId: ff447da67811f0f610ae37397119fbeef3578343)

SUMMARY: ThreadSanitizer: data race /home/moritz/.rustup/toolchains/nightly-x86_64-unknown-linux-gnu/lib/rustlib/src/rust/library/core/src/ptr/mod.rs:2163 in core::ptr::read_volatile::<u8>
==================
ThreadSanitizer: reported 1 warnings
