task2 exit 0 5 of 5 controls caught as expected
run exit 0 4 of 4 controls caught as expected
lib c1 exit 0
lib c3 exit 0
lib c5 exit 0
lib seal exit 0
lib total caught: 8, missed: 0
task5 exit 0 7 of 7 controls caught as expected
task6 exit 0 8 of 8 controls caught as expected
other-edits (task5) 4 runs:
  as committed: exit 0 (expected 0); 
  a renamed path reaches another constant: exit 1 (expected 1); crates/rexx-exec/src/dispatch/rexx_info.rs: FAIL 10 occurrences of '\\bparse_template\\b' -> 'version'; HEAD with them replaced DIFFERS from the working text
  an insert-only file changes a line: exit 1 (expected 1); crates/rexx-exec/src/lib.rs: FAIL inserted lines only
  a changed file with no rule: exit 1 (expected 1); FAIL no rule for changed path crates/rexx-exec/src/value.rs
other-edits (task6):
  c7 as committed: exit 0 (expected 0); 
  c7 a name moves to a module other than the declared one: exit 1 (expected 1);   BAD usize_or_refuse: ['buffer'] -> ['string']
  c7 a third comment line edited beside the two declared: exit 1 (expected 1);   FAIL 3 comment lines removed or edited, 2 declared
  c13 as committed: exit 0 (expected 0); 
  c13 a code line changes beside the narrowing: exit 1 (expected 1); crates/rexx-exec/src/dispatch.rs: FAIL import lists narrowed and lines inserted, nothing else
  c14 as committed: exit 0 (expected 0); 
  c14 a second edit in a file with two declared substitutions: exit 1 (expected 1); crates/rexx-exec/src/dispatch/collection/list.rs: FAIL 1 occurrences of '\\[`is_queue`\\]' -> '[`super::is_queue`]'; 1 occurrences of '\\[`super::NATIVE_METHODS`\\]' -> '[`super::super::NATIVE_METHODS`]'; HEAD with them replaced DIFFERS from the working text
  c14 the test's chain names a slice twice: exit 1 (expected 1); crates/rexx-exec/src/dispatch/tests.rs: FAIL 1 occurrences of '        \\.chain\\(collection::NATIVE_METHODS\\)\\n' -> '        .chain(collection::list::NATIVE_METHODS)\n        .chain(collection::queue::NATIVE_METHODS)\n        .chain(array::sort::NATIVE_METHODS)\n        .chain(array::surface::NATIVE_METHODS)\n        .chain(collection::supplier::NATIVE_METHODS)\n'; HEAD with them replaced DIFFERS from the working text
task7 exit 0 10 of 10 controls caught as expected
task8 exit 0 15 of 15 controls caught as expected
task9 exit 0 61 of 61 controls caught as expected
docapi:
C1: expected differs, manifest differs: CAUGHT (2 lines differ; doc: exit 0; 0 warning lines)
C2: expected differs, manifest differs: CAUGHT (4 lines differ; doc: exit 0; 2 warning lines)
C3: expected differs, manifest differs: CAUGHT (36 lines differ; doc: exit 0; 0 warning lines)
C4: expected same, manifest same: CAUGHT (0 lines differ; doc: exit 0; 0 warning lines)
untracked:
U0 clean tree (expected PASS): other edits: 0 files;untracked: 0 files; verify9 would PASS
U1 untracked src-out-verdict.txt (expected FAIL): other edits: 0 files;untracked: 1 files; verify9 would FAIL
U2 untracked src/instruction/planted.rs (expected FAIL): other edits: 0 files;untracked: 1 files; verify9 would FAIL
U3 controls_task9.py --pre 7: 33 of 33 controls caught as expected; git status under rust/ afterwards: [] (expected empty)
U4 after the controls: other edits: 0 files;untracked: 0 files; verify9 would PASS
task10 exit 0 40 of 40 controls caught as expected
checkout10:
O0 clean tree (expected PASS): other edits: 0 files;untracked: 0 files; verify10 would PASS
O1 untracked tests/table_c/planted.rs (expected FAIL): other edits: 0 files;untracked: 1 files; verify10 would FAIL
O2 untracked crates/rexx-exec/tests-out-verdict.txt (expected FAIL): other edits: 0 files;untracked: 1 files; verify10 would FAIL
O3 tracked edit to tests/gate_table_d.rs (expected FAIL): other edits: 1 files;untracked: 0 files; verify10 would FAIL
O4 after the plants (expected PASS): other edits: 0 files;untracked: 0 files; verify10 would PASS
D1 a broken intra-doc link in table_c/rows.rs (expected a warning): rustdoc exit 0 warning lines: 2  3 lines name it
D2 unplanted (expected none): rustdoc exit 0 warning lines: 0 
A1: expected differs, manifest differs: CAUGHT (4 lines differ; doc: exit 0; 2 warning lines)
A2: expected differs, manifest differs: CAUGHT (9 lines differ; doc: exit 0; 4 warning lines)
A3: expected same, manifest same: CAUGHT (0 lines differ; doc: exit 0; 2 warning lines)
E1: expected PASS, got PASS: CAUGHT (corpus/gate-tables/README.md: OK 1 occurrence(s) of '`tests/table_c/probes\\.rs`' -> '`tests/table_c/checks.rs`'; HEAD with them applied equals the working text; changed)
E2: expected FAIL, got FAIL: CAUGHT (corpus/gate-tables/README.md: FAIL 1 occurrence(s) of '`tests/table_c/probes\\.rs`' -> '`tests/table_c/checks.rs`'; HEAD with them applied DIFFERS from the working text; changed)
E3: expected FAIL, got FAIL: CAUGHT (corpus/gate-tables/README.md: FAIL 21 occurrence(s) of 'probe' -> 'Probe'; HEAD with them applied DIFFERS from the working text; changed)
E4: expected FAIL, got FAIL: CAUGHT (corpus/gate-tables/README.md: FAIL 1 occurrence(s) of '`tests/table_c/probes\\.rs`' -> '`tests/table_c/checks.rs`'; HEAD with them applied DIFFERS from the working text; UNCHANGED)
tree afterwards: [] (expected empty)
